[web.archive.org/web/20231111071724/http_/tickermilk.xyz/index.html]
[web-static.archive.org/_static/js/bundle-playback8833.js]
[web-static.archive.org/_static/js/wombat9b8c.js]
[web-static.archive.org/_static/js/ruffle.js]
[backblue.gif]
[fade.gif]
[index.html]
[web.archive.org/web/20231111072541im_/https_/tickermilk.xyz/assets/images/favicon.png]
[web.archive.org/web/20231111072550im_/https_/tickermilk.xyz/assets/images/apple-touch-icon.png]
[web.archive.org/web/20231111085815cs_/https_/tickermilk.xyz/assets/main.css]
[web.archive.org/web/20231111082913im_/https_/tickermilk.xyz/assets/images/image05.jpg]
[web.archive.org/web/20231111143856im_/https_/tickermilk.xyz/assets/images/image01.jpg]
[web.archive.org/web/20231111072839im_/https_/tickermilk.xyz/assets/images/image04.png]
[web.archive.org/web/20231111074401im_/https_/tickermilk.xyz/assets/images/image03.jpg]
[web.archive.org/web/20231111071724/http_/tickermilk.xyz/index.html]
[web.archive.org/web/20231111115554js_/https_/tickermilk.xyz/assets/main.js]
[web-static.archive.org/_static/css/banner-styles52e6.css]
[web-static.archive.org/_static/css/iconochive8307.css]
[web.archive.org/web/20231111085815im_/https_/tickermilk.xyz/assets/images/bg.jpg]
[web.archive.org/web/20231111085815cs_/https_/tickermilk.xyz/assets/main.css]
[web.archive.org/web/20231111211930cs_/https_/tickermilk.xyz/assets/noscript.css]
[web-static.archive.org/_static/css/record.css]
[web.archive.org/web/20231111085815im_/https_/tickermilk.xyz/assets/images/bg.html]
